// Jest Snapshot v1, https://goo.gl/fbAQLP

exports[`VkTable matches snapshot 1`] = `
<div class="uk-padding">
  <h1>Table</h1>
  <table class="uk-table uk-table-divider">
    <thead>
      <tr>
        <th>name</th>
        <th>Website</th>
      </tr>
    </thead>
    <tbody>
      <tr>
        <td>Mat Lam Tam</td>
        <td>goodreads.com</td>
      </tr>
      <tr>
        <td>Y-find</td>
        <td>home.pl</td>
      </tr>
      <tr>
        <td>Tres-Zap</td>
        <td>printfriendly.com</td>
      </tr>
      <tr>
        <td>Zathin</td>
        <td>nbcnews.com</td>
      </tr>
      <tr>
        <td>Bamity</td>
        <td>howstuffworks.com</td>
      </tr>
    </tbody>
  </table>
  <h2>Selectable</h2>
  <table class="uk-table uk-table-divider">
    <thead>
      <tr>
        <th>Name</th>
      </tr>
    </thead>
    <tbody>
      <tr>
        <td>Mat Lam Tam</td>
      </tr>
      <tr>
        <td>Y-find</td>
      </tr>
      <tr>
        <td>Tres-Zap</td>
      </tr>
      <tr>
        <td>Zathin</td>
      </tr>
      <tr>
        <td>Bamity</td>
      </tr>
    </tbody>
  </table>
  <h2>Headless</h2>
  <table class="uk-table uk-table-divider">
    <tbody>
      <tr>
        <td class="uk-table-shrink"><span class="uk-form"><input type="checkbox" class="uk-checkbox"></span></td>
        <td class="uk-table-expand">Mat Lam Tam</td>
      </tr>
      <tr>
        <td class="uk-table-shrink"><span class="uk-form"><input type="checkbox" class="uk-checkbox"></span></td>
        <td class="uk-table-expand">Y-find</td>
      </tr>
      <tr>
        <td class="uk-table-shrink"><span class="uk-form"><input type="checkbox" class="uk-checkbox"></span></td>
        <td class="uk-table-expand">Tres-Zap</td>
      </tr>
      <tr>
        <td class="uk-table-shrink"><span class="uk-form"><input type="checkbox" class="uk-checkbox"></span></td>
        <td class="uk-table-expand">Zathin</td>
      </tr>
      <tr>
        <td class="uk-table-shrink"><span class="uk-form"><input type="checkbox" class="uk-checkbox"></span></td>
        <td class="uk-table-expand">Bamity</td>
      </tr>
    </tbody>
  </table>
  <h2>Dynamic Columns</h2>
  <table class="uk-table uk-table-divider">
    <thead>
      <tr>
        <th>name</th>
        <th>website</th>
      </tr>
    </thead>
    <tbody>
      <tr>
        <td>Mat Lam Tam</td>
        <td>goodreads.com</td>
      </tr>
      <tr>
        <td>Y-find</td>
        <td>home.pl</td>
      </tr>
      <tr>
        <td>Tres-Zap</td>
        <td>printfriendly.com</td>
      </tr>
      <tr>
        <td>Zathin</td>
        <td>nbcnews.com</td>
      </tr>
      <tr>
        <td>Bamity</td>
        <td>howstuffworks.com</td>
      </tr>
    </tbody>
  </table>
  <button type="button" class="uk-button uk-button-default">Change Order</button>
  <button type="button" class="uk-button uk-button-default">Reset</button>
  <h2>Responsive</h2>
  <div class="uk-overflow-auto">
    <table class="uk-table uk-table-divider">
      <thead>
        <tr>
          <th>Table Heading</th>
          <th>Table Heading</th>
          <th>Table Heading</th>
          <th>Table Heading</th>
          <th>Table Heading</th>
          <th>Table Heading</th>
          <th>Table Heading</th>
          <th>Table Heading</th>
          <th>Table Heading</th>
          <th>Table Heading</th>
          <th>Table Heading</th>
        </tr>
      </thead>
      <tbody>
        <tr>
          <td><span>Table Heading</span></td>
          <td><span>Table Heading</span></td>
          <td><span>Table Heading</span></td>
          <td><span>Table Heading</span></td>
          <td><span>Table Heading</span></td>
          <td><span>Table Heading</span></td>
          <td><span>Table Heading</span></td>
          <td><span>Table Heading</span></td>
          <td><span>Table Heading</span></td>
          <td><span>Table Heading</span></td>
          <td><span>Table Heading</span></td>
        </tr>
        <tr>
          <td><span>Table Heading</span></td>
          <td><span>Table Heading</span></td>
          <td><span>Table Heading</span></td>
          <td><span>Table Heading</span></td>
          <td><span>Table Heading</span></td>
          <td><span>Table Heading</span></td>
          <td><span>Table Heading</span></td>
          <td><span>Table Heading</span></td>
          <td><span>Table Heading</span></td>
          <td><span>Table Heading</span></td>
          <td><span>Table Heading</span></td>
        </tr>
        <tr>
          <td><span>Table Heading</span></td>
          <td><span>Table Heading</span></td>
          <td><span>Table Heading</span></td>
          <td><span>Table Heading</span></td>
          <td><span>Table Heading</span></td>
          <td><span>Table Heading</span></td>
          <td><span>Table Heading</span></td>
          <td><span>Table Heading</span></td>
          <td><span>Table Heading</span></td>
          <td><span>Table Heading</span></td>
          <td><span>Table Heading</span></td>
        </tr>
      </tbody>
    </table>
  </div>
</div>
`;
